// Jest Snapshot v1, https://goo.gl/fbAQLP

exports[`Button component Renders button 1`] = `ShallowWrapper {}`;
